=== R9c full flow control, tray entry x=145, 12 s ===
  mu=1.00        launched=False exit_t=--     exit_v=--     jam=98%
  mu=0.70        launched=False exit_t=--     exit_v=--     jam=95%
  mu=0.60        launched=False exit_t=--     exit_v=--     jam=85%
  mu=0.50        launched=False exit_t=--     exit_v=--     jam=19%
  mu=0.40        launched=False exit_t=--     exit_v=--     jam=1%
     t=  0.00 x=   145.00 z=   65.95 r= 124.15 ang= 338.49 v=   0.000 T=0.530
     t=  0.10 x=   141.95 z=   65.75 r= 121.39 ang= 337.88 v=   0.061 T=0.016
     t=  0.20 x=   132.82 z=   64.95 r= 113.31 ang= 335.77 v=   0.122 T=0.015
     t=  0.30 x=   117.61 z=   63.62 r= 100.27 ang= 331.51 v=   0.183 T=0.015
     t=  0.40 x=   120.64 z=   64.77 r= 102.41 ang= 332.88 v=   0.390 T=0.127
     t=  0.50 x=   148.85 z=   66.31 r= 127.62 ang= 339.28 v=   0.237 T=0.015
     t=  0.60 x=   176.70 z=   53.72 r= 158.13 ang= 338.58 v=   0.507 T=0.015
     t=  0.70 x=   209.65 z=  -34.00 r= 231.55 ang= 321.08 v=   1.406 T=0.015
     t=  0.80 x=   242.60 z= -219.82 r= 393.91 ang= 302.75 v=   2.371 T=0.015
     t=  0.90 x=   275.55 z= -503.74 r= 662.58 ang= 291.80 v=   3.345 T=0.015
     t=  1.00 x=   308.49 z= -885.76 r=1035.52 ang= 285.63 v=   4.322 T=0.015
     t=  1.10 x=   341.44 z=-1365.88 r=1509.92 ang= 281.92 v=   5.301 T=0.015
     t=  1.20 x=   374.39 z=-1944.10 r=2084.30 ang= 279.52 v=   6.280 T=0.015
     t=  1.30 x=   407.34 z=-2620.42 r=2757.89 ang= 277.87 v=   7.260 T=0.015
     t=  1.40 x=   440.29 z=-3394.84 r=3530.29 ang= 276.68 v=   8.240 T=0.015
     t=  1.50 x=   473.24 z=-4267.36 r=4401.25 ang= 275.79 v=   9.221 T=0.015
     t=  1.60 x=   506.18 z=-5237.99 r=5370.64 ang= 275.09 v=  10.201 T=0.015
     t=  1.70 x=   539.13 z=-6306.71 r=6438.37 ang= 274.54 v=  11.182 T=0.015
     t=  1.80 x=   572.08 z=-7473.53 r=7604.37 ang= 274.09 v=  12.162 T=0.015
     t=  1.90 x=   605.03 z=-8738.45 r=8868.60 ang= 273.72 v=  13.143 T=0.015
     t=  2.00 x=   637.98 z=-10101.47 r=10231.04 ang= 273.41 v=  14.124 T=0.015
     t=  2.10 x=   670.92 z=-11562.59 r=11691.66 ang= 273.14 v=  15.104 T=0.015
     t=  2.20 x=   703.87 z=-13121.81 r=13250.44 ang= 272.92 v=  16.085 T=0.015
     t=  2.30 x=   736.82 z=-14779.13 r=14907.38 ang= 272.72 v=  17.066 T=0.015
     t=  2.40 x=   769.77 z=-16534.55 r=16662.46 ang= 272.55 v=  18.047 T=0.015
     t=  2.50 x=   802.72 z=-18388.07 r=18515.68 ang= 272.39 v=  19.028 T=0.015
     t=  2.60 x=   835.67 z=-20339.69 r=20467.03 ang= 272.26 v=  20.008 T=0.015
     t=  2.70 x=   868.61 z=-22389.41 r=22516.51 ang= 272.14 v=  20.989 T=0.015
     t=  2.80 x=   901.56 z=-24537.23 r=24664.11 ang= 272.03 v=  21.970 T=0.015
     t=  2.90 x=   934.51 z=-26783.15 r=26909.83 ang= 271.93 v=  22.951 T=0.015
     t=  3.00 x=   967.46 z=-29127.17 r=29253.67 ang= 271.84 v=  23.932 T=0.015
     t=  3.10 x=  1000.41 z=-31569.29 r=31695.63 ang= 271.76 v=  24.913 T=0.015
     t=  3.20 x=  1033.36 z=-34109.51 r=34235.69 ang= 271.68 v=  25.894 T=0.015
     t=  3.30 x=  1066.30 z=-36747.83 r=36873.87 ang= 271.61 v=  26.875 T=0.015
     t=  3.40 x=  1099.25 z=-39484.25 r=39610.16 ang= 271.55 v=  27.856 T=0.015
     t=  3.50 x=  1132.20 z=-42318.77 r=42444.56 ang= 271.49 v=  28.837 T=0.015
     t=  3.60 x=  1165.15 z=-45251.40 r=45377.07 ang= 271.43 v=  29.818 T=0.015
     t=  3.70 x=  1198.10 z=-48282.12 r=48407.68 ang= 271.38 v=  30.798 T=0.015
     t=  3.80 x=  1231.05 z=-51410.94 r=51536.41 ang= 271.34 v=  31.779 T=0.015
     t=  3.90 x=  1263.99 z=-54637.86 r=54763.23 ang= 271.29 v=  32.760 T=0.015
     t=  4.00 x=  1296.94 z=-57962.88 r=58088.17 ang= 271.25 v=  33.741 T=0.015
     t=  4.10 x=  1329.89 z=-61386.00 r=61511.21 ang= 271.21 v=  34.722 T=0.015
     t=  4.20 x=  1362.84 z=-64907.22 r=65032.35 ang= 271.17 v=  35.703 T=0.015
     t=  4.30 x=  1395.79 z=-68526.54 r=68651.60 ang= 271.14 v=  36.684 T=0.015
     t=  4.40 x=  1428.74 z=-72243.96 r=72368.95 ang= 271.11 v=  37.665 T=0.015
     t=  4.50 x=  1461.68 z=-76059.48 r=76184.40 ang= 271.08 v=  38.646 T=0.015
     t=  4.60 x=  1494.63 z=-79973.10 r=80097.96 ang= 271.05 v=  39.627 T=0.015
     t=  4.70 x=  1527.58 z=-83984.82 r=84109.62 ang= 271.02 v=  40.608 T=0.015
     t=  4.80 x=  1560.53 z=-88094.64 r=88219.39 ang= 270.99 v=  41.589 T=0.015
     t=  4.90 x=  1593.48 z=-92302.56 r=92427.26 ang= 270.97 v=  42.570 T=0.015
     t=  5.00 x=  1626.42 z=-96608.58 r=96733.22 ang= 270.95 v=  43.551 T=0.015
     t=  5.10 x=  1659.37 z=-101012.70 r=101137.30 ang= 270.92 v=  44.532 T=0.015
     t=  5.20 x=  1692.32 z=-105514.92 r=105639.47 ang= 270.90 v=  45.513 T=0.015
     t=  5.30 x=  1725.27 z=-110115.24 r=110239.75 ang= 270.88 v=  46.494 T=0.015
     t=  5.40 x=  1758.22 z=-114813.66 r=114938.13 ang= 270.86 v=  47.475 T=0.015
     t=  5.50 x=  1791.17 z=-119610.18 r=119734.61 ang= 270.84 v=  48.456 T=0.015
     t=  5.60 x=  1824.11 z=-124504.81 r=124629.19 ang= 270.83 v=  49.437 T=0.015
     t=  5.70 x=  1857.06 z=-129497.53 r=129621.87 ang= 270.81 v=  50.418 T=0.015
     t=  5.80 x=  1890.01 z=-134588.35 r=134712.65 ang= 270.79 v=  51.399 T=0.015
     t=  5.90 x=  1922.96 z=-139777.27 r=139901.54 ang= 270.78 v=  52.380 T=0.015
     t=  6.00 x=  1955.91 z=-145064.29 r=145188.53 ang= 270.76 v=  53.361 T=0.015
     t=  6.10 x=  1988.86 z=-150449.41 r=150573.62 ang= 270.75 v=  54.342 T=0.015
     t=  6.20 x=  2021.80 z=-155932.63 r=156056.81 ang= 270.73 v=  55.323 T=0.015
     t=  6.30 x=  2054.75 z=-161513.95 r=161638.10 ang= 270.72 v=  56.304 T=0.015
     t=  6.40 x=  2087.70 z=-167193.37 r=167317.49 ang= 270.70 v=  57.285 T=0.015
     t=  6.50 x=  2120.65 z=-172970.89 r=173094.98 ang= 270.69 v=  58.266 T=0.015
     t=  6.60 x=  2153.60 z=-178846.51 r=178970.58 ang= 270.68 v=  59.247 T=0.015
     t=  6.70 x=  2186.55 z=-184820.23 r=184944.27 ang= 270.67 v=  60.228 T=0.015
     t=  6.80 x=  2219.49 z=-190892.05 r=191016.07 ang= 270.66 v=  61.209 T=0.015
     t=  6.90 x=  2252.44 z=-197061.97 r=197185.96 ang= 270.65 v=  62.190 T=0.015
     t=  7.00 x=  2285.39 z=-203329.99 r=203453.96 ang= 270.64 v=  63.171 T=0.015
     t=  7.10 x=  2318.34 z=-209696.11 r=209820.06 ang= 270.63 v=  64.152 T=0.015
     t=  7.20 x=  2351.29 z=-216160.33 r=216284.26 ang= 270.62 v=  65.133 T=0.015
     t=  7.30 x=  2384.24 z=-222722.65 r=222846.56 ang= 270.61 v=  66.114 T=0.015
     t=  7.40 x=  2417.18 z=-229383.07 r=229506.96 ang= 270.60 v=  67.095 T=0.015
     t=  7.50 x=  2450.13 z=-236141.60 r=236265.46 ang= 270.59 v=  68.076 T=0.015
     t=  7.60 x=  2483.08 z=-242998.22 r=243122.06 ang= 270.58 v=  69.057 T=0.015
     t=  7.70 x=  2516.03 z=-249952.94 r=250076.76 ang= 270.57 v=  70.037 T=0.015
     t=  7.80 x=  2548.98 z=-257005.76 r=257129.56 ang= 270.56 v=  71.018 T=0.015
     t=  7.90 x=  2581.92 z=-264156.68 r=264280.46 ang= 270.55 v=  71.999 T=0.015
     t=  8.00 x=  2614.87 z=-271405.70 r=271529.47 ang= 270.55 v=  72.980 T=0.015
     t=  8.10 x=  2647.82 z=-278752.82 r=278876.57 ang= 270.54 v=  73.961 T=0.015
     t=  8.20 x=  2680.77 z=-286198.04 r=286321.77 ang= 270.53 v=  74.942 T=0.015
     t=  8.30 x=  2713.72 z=-293741.36 r=293865.08 ang= 270.52 v=  75.923 T=0.015
     t=  8.40 x=  2746.67 z=-301382.78 r=301506.48 ang= 270.52 v=  76.904 T=0.015
     t=  8.50 x=  2779.61 z=-309122.30 r=309245.99 ang= 270.51 v=  77.885 T=0.015
     t=  8.60 x=  2812.56 z=-316959.92 r=317083.59 ang= 270.50 v=  78.866 T=0.015
     t=  8.70 x=  2845.51 z=-324895.64 r=325019.30 ang= 270.50 v=  79.847 T=0.015
     t=  8.80 x=  2878.46 z=-332929.46 r=333053.11 ang= 270.49 v=  80.828 T=0.015
     t=  8.90 x=  2911.41 z=-341061.38 r=341185.01 ang= 270.48 v=  81.809 T=0.015
     t=  9.00 x=  2944.36 z=-349291.40 r=349415.02 ang= 270.48 v=  82.790 T=0.015
     t=  9.10 x=  2977.30 z=-357619.52 r=357743.13 ang= 270.47 v=  83.771 T=0.015
     t=  9.20 x=  3010.25 z=-366045.74 r=366169.34 ang= 270.47 v=  84.752 T=0.015
     t=  9.30 x=  3043.20 z=-374570.06 r=374693.64 ang= 270.46 v=  85.733 T=0.015
     t=  9.40 x=  3076.15 z=-383192.48 r=383316.05 ang= 270.46 v=  86.714 T=0.015
     t=  9.50 x=  3109.10 z=-391913.01 r=392036.56 ang= 270.45 v=  87.695 T=0.015
     t=  9.60 x=  3142.05 z=-400731.63 r=400855.17 ang= 270.44 v=  88.676 T=0.015
     t=  9.70 x=  3174.99 z=-409648.35 r=409771.88 ang= 270.44 v=  89.657 T=0.015
     t=  9.80 x=  3207.94 z=-418663.17 r=418786.69 ang= 270.43 v=  90.638 T=0.015
     t=  9.90 x=  3240.89 z=-427776.09 r=427899.60 ang= 270.43 v=  91.619 T=0.015
     t= 10.00 x=  3273.84 z=-436987.11 r=437110.61 ang= 270.43 v=  92.600 T=0.015
     t= 10.10 x=  3306.79 z=-446296.23 r=446419.72 ang= 270.42 v=  93.581 T=0.015
     t= 10.20 x=  3339.74 z=-455703.45 r=455826.93 ang= 270.42 v=  94.562 T=0.015
     t= 10.30 x=  3372.68 z=-465208.77 r=465332.24 ang= 270.41 v=  95.543 T=0.015
     t= 10.40 x=  3405.63 z=-474812.19 r=474935.65 ang= 270.41 v=  96.524 T=0.015
     t= 10.50 x=  3438.58 z=-484513.71 r=484637.16 ang= 270.40 v=  97.505 T=0.015
     t= 10.60 x=  3471.53 z=-494313.33 r=494436.77 ang= 270.40 v=  98.486 T=0.015
     t= 10.70 x=  3504.48 z=-504211.05 r=504334.48 ang= 270.39 v=  99.467 T=0.015
     t= 10.80 x=  3537.43 z=-514206.87 r=514330.29 ang= 270.39 v= 100.448 T=0.015
     t= 10.90 x=  3570.37 z=-524300.79 r=524424.21 ang= 270.39 v= 101.429 T=0.015
     t= 11.00 x=  3603.32 z=-534492.81 r=534616.22 ang= 270.38 v= 102.410 T=0.015
     t= 11.10 x=  3636.27 z=-544782.93 r=544906.33 ang= 270.38 v= 103.391 T=0.015
     t= 11.20 x=  3669.22 z=-555171.15 r=555294.54 ang= 270.38 v= 104.372 T=0.015
     t= 11.30 x=  3702.17 z=-565657.47 r=565780.85 ang= 270.37 v= 105.353 T=0.015
     t= 11.40 x=  3735.11 z=-576241.89 r=576365.27 ang= 270.37 v= 106.334 T=0.015
     t= 11.50 x=  3768.06 z=-586924.42 r=587047.78 ang= 270.36 v= 107.315 T=0.015
     t= 11.60 x=  3801.01 z=-597705.04 r=597828.39 ang= 270.36 v= 108.296 T=0.015
     t= 11.70 x=  3833.96 z=-608583.76 r=608707.11 ang= 270.36 v= 109.277 T=0.015
     t= 11.80 x=  3866.91 z=-619560.58 r=619683.92 ang= 270.35 v= 110.258 T=0.015
     t= 11.90 x=  3899.86 z=-630635.50 r=630758.83 ang= 270.35 v= 111.239 T=0.015
